# Suite completa — output reale (eseguito localmente con i comandi di test_suite.yml, 2026-10-10)

## pytest (file: 90 test_*.py tracciati, meno SoccerMath/test_theme_toggle.py)
```
........................................................................ [  3%]
..................................................................... [  7%]
...................................................................... [ 11%]
........................................................................ [ 15%]
........................................................................ [ 19%]
........................................................................ [ 22%]
........................................................................ [ 26%]
........................................................................ [ 30%]
........................................................................ [ 34%]
........................................................................ [ 38%]
................................................. [ 40%]
................................................................ [ 44%]
........................................................................ [ 48%]
........................................................................ [ 52%]
........................................................................ [ 55%]
............................................................................................ [ 60%]
.............. [ 61%]
..................................................................... [ 65%]
........................................................................ [ 69%]
........................................................................ [ 73%]
........................................................................ [ 76%]
................................................................... [ 80%]
........................................................................ [ 84%]
........................................................................ [ 88%]
............................................................. [ 91%]
........................................................................ [ 95%]
........................................................................ [ 99%]
...............                                                          [100%]
=============================== warnings summary ===============================
audit/test_elo_w025_confirmation.py::TestPatchGriglia::test_boot_stats_delta_vs_060_con_griglia_ridotta
  /home/user/SoccerMath2.0/audit/grid_search_ensemble_weight.py:224: RuntimeWarning: invalid value encountered in divide
    rr = np.where(staked > 0, prof / staked, np.nan)

-- Docs: https://docs.pytest.org/en/stable/how-to/capture-warnings.html
1866 passed, 1 warning, 4773 subtests passed in 220.55s (0:03:40)
```

## SoccerMath/test_theme_toggle.py (come script)
```
2026-10-10 17:32:02.630 WARNING streamlit.runtime.scriptrunner_utils.script_run_context: Thread 'MainThread': missing ScriptRunContext! This warning can be ignored when running in bare mode.
✅ Run 1 OK - toggle ON (segue tema sistema), nessuna eccezione
✅ Run 2 OK - toggle OFF, CSS light forzato presente (2 blocchi <style>)
✅ Run 3 OK - ritorno a ON, CSS forzato rimosso, nessuna eccezione
✅ Run 4 OK - rerun generico senza crash

🎉 TUTTI I TEST PASSATI: nessun crash in nessuno stato del toggle.
```
